lta : El término 'lta' no se reconoce como nombre de un cmdlet, 
función, archivo de script o programa ejecutable. Compruebe si 
escribió correctamente el nombre o, si incluyó una ruta de acceso, 
compruebe que dicha ruta es correcta e inténtelo de nuevo.
En C:\Program Files\nodejs\npm.ps1: 1 Carácter: 1
+ lta api en#!/usr/bin/env pwsh
+ ~~~
    + CategoryInfo          : ObjectNotFound: (lta:String) [], Command 
   NotFoundException
    + FullyQualifiedErrorId : CommandNotFoundException
 

> clasesde-pe-platform@2.0.0 build
> next build

Next.js config - NODE_ENV: production
Next.js config - BACKEND URL: https://surfschool-backend-production.up.railway.app
Next.js rewrites: [
  { source: '/api/auth/:path*', destination: '/api/auth/:path*' },
  {
    source: '/uploads/classes/:path*',
    destination: '/api/images/uploads/classes/:path*'
  },
  {
    source: '/api/:path((?!images).)*',
    destination: 'https://surfschool-backend-production.up.railway.app/:path*'
  }
]
  Ôû▓ Next.js 14.2.32
  - Environments: .env.local, .env.production

   Creating an optimized production build ...
Next.js config - NODE_ENV: production
Next.js config - BACKEND URL: https://surfschool-backend-production.up.railway.app
Next.js config - NODE_ENV: production
Next.js config - BACKEND URL: https://surfschool-backend-production.up.railway.app
Next.js config - NODE_ENV: production
Next.js config - BACKEND URL: https://surfschool-backend-production.up.railway.app
node.exe : [baseline-browser-mapping] The data in this module is over 
two months old.  To ensure accurate Baseline data, please update: `npm 
i baseline-browser-mapping@latest -D`
En línea: 1 Carácter: 1
+ & "C:\Program Files\nodejs/node.exe" 
"C:\Users\yerct\AppData\Roaming\ ...
+ ~~~~~~~~~~~~~~~~~~~~~~~~~~~~~~~~~~~~~~~~~~~~~~~~~~~~~~~~~~~~~~~~~~~~~
    + CategoryInfo          : NotSpecified: ([baseline-brows...ping@la 
   test -D`:String) [], RemoteException
    + FullyQualifiedErrorId : NativeCommandError
 
 Ô£ô Compiled successfully
   Linting and checking validity of types ...

./src/app/dashboard/admin/classes/page.tsx
127:6  Warning: React Hook useEffect has a missing dependency: 'fetchData'. Either include it or remove the dependency array.  react-hooks/exhaustive-deps
131:6  Warning: React Hook useEffect has a missing dependency: 'applyFilters'. Either include it or remove the dependency array.  react-hooks/exhaustive-deps

./src/app/dashboard/admin/discount-codes/page.tsx
63:6  Warning: React Hook useEffect has a missing dependency: 'fetchCodes'. Either include it or remove the dependency array.  react-hooks/exhaustive-deps

./src/app/dashboard/admin/overview/page.tsx
52:6  Warning: React Hook useEffect has a missing dependency: 'fetchAll'. Either include it or remove the dependency array.  react-hooks/exhaustive-deps

./src/app/dashboard/school/page.tsx
145:6  Warning: React Hook useEffect has a missing dependency: 'fetchSchoolData'. Either include it or remove the dependency array.  react-hooks/exhaustive-deps
152:6  Warning: React Hook useEffect has a missing dependency: 'generateMockStats'. Either include it or remove the dependency array.  react-hooks/exhaustive-deps

./src/app/dashboard/school/payments/page.tsx
56:6  Warning: React Hook useEffect has a missing dependency: 'fetchPayments'. Either include it or remove the dependency array.  react-hooks/exhaustive-deps

./src/app/dashboard/school/reservations/page.tsx
109:6  Warning: React Hook useEffect has a missing dependency: 'fetchReservations'. Either include it or remove the dependency array.  react-hooks/exhaustive-deps

./src/app/dashboard/school/students/page.tsx
55:6  Warning: React Hook useEffect has a missing dependency: 'fetchStudents'. Either include it or remove the dependency array.  react-hooks/exhaustive-deps

./src/app/dashboard/student/page.tsx
99:6  Warning: React Hook useEffect has a missing dependency: 'fetchStudentData'. Either include it or remove the dependency array.  react-hooks/exhaustive-deps

./src/app/dashboard/student/reservations/page.tsx
72:6  Warning: React Hook useEffect has a missing dependency: 'fetchReservations'. Either include it or remove the dependency array.  react-hooks/exhaustive-deps

./src/app/reservations/confirmation/page.tsx
126:6  Warning: React Hook useEffect has a missing dependency: 'fetchReservation'. Either include it or remove the dependency array.  react-hooks/exhaustive-deps
146:6  Warning: React Hook useEffect has a missing dependency: 'handleCreateReservation'. Either include it or remove the dependency array.  react-hooks/exhaustive-deps

./src/app/reservations/page.tsx
74:6  Warning: React Hook useEffect has a missing dependency: 'fetchReservations'. Either include it or remove the dependency array.  react-hooks/exhaustive-deps

./src/app/reservations/[id]/page.tsx
133:6  Warning: React Hook useEffect has a missing dependency: 'fetchReservation'. Either include it or remove the dependency array.  react-hooks/exhaustive-deps
142:6  Warning: React Hook useEffect has an unnecessary dependency: 'tips.length'. Either exclude it or remove the dependency array. Outer scope values like 'tips.length' aren't valid dependencies because mutating them doesn't re-render the component.  react-hooks/exhaustive-deps

./src/components/calendar/ReservationCalendar.tsx
34:6  Warning: React Hook useEffect has a missing dependency: 'fetchReservations'. Either include it or remove the dependency array.  react-hooks/exhaustive-deps

./src/components/discounts/DiscountCodeManager.tsx
44:8  Warning: React Hook useEffect has missing dependencies: 'fetchCodes' and 'fetchSchools'. Either include them or remove the dependency array.  react-hooks/exhaustive-deps

./src/components/forms/InstructorForm.tsx
33:6  Warning: React Hook useEffect has a missing dependency: 'fetchAvailableUsers'. Either include it or remove the dependency array.  react-hooks/exhaustive-deps

./src/components/forms/PaymentForm.tsx
37:6  Warning: React Hook useEffect has a missing dependency: 'fetchReservations'. Either include it or remove the dependency array.  react-hooks/exhaustive-deps

./src/components/forms/ReservationForm.tsx
30:6  Warning: React Hook useEffect has missing dependencies: 'fetchClasses' and 'fetchUsers'. Either include them or remove the dependency array.  react-hooks/exhaustive-deps

./src/components/instructors/InstructorStats.tsx
30:6  Warning: React Hook useEffect has a missing dependency: 'fetchInstructorAnalytics'. Either include it or remove the dependency array.  react-hooks/exhaustive-deps

./src/components/notifications/Toast.tsx
32:6  Warning: React Hook useEffect has a missing dependency: 'handleClose'. Either include it or remove the dependency array.  react-hooks/exhaustive-deps

./src/hooks/useConfirm.tsx
53:6  Warning: React Hook useCallback has a missing dependency: 'confirmState'. Either include it or remove the dependency array.  react-hooks/exhaustive-deps
59:6  Warning: React Hook useCallback has a missing dependency: 'confirmState'. Either include it or remove the dependency array.  react-hooks/exhaustive-deps

info  - Need to disable some ESLint rules? Learn more here: https://nextjs.org/docs/basic-features/eslint#disabling-rules
Failed to compile.

./src/app/dashboard/school/reservations/page.tsx:756:52
Type error: Property 'originalAmount' does not exist on type '{ id: 
number; amount: number; status: string; paymentMethod?: string | 
undefined; }'.

[0m [90m 754 |[39m                     
[33m<[39m[33m/[39m[33mh4[39m[33m>[39m[0m
[0m [90m 755 |[39m                     [33m<[39m[33mdiv[39m 
className[33m=[39m[32m"space-y-3"[39m[33m>[39m[0m
[0m[31m[1m>[22m[39m[90m 756 |[39m                       
{selectedReservation[33m.[39mpayment[33m.[39moriginalAmount 
[33m&&[39m 
selectedReservation[33m.[39mpayment[33m.[39moriginalAmount 
[33m!==[39m selectedReservation[33m.[39mpayment[33m.[39mamount 
[33m&&[39m ([0m
[0m [90m     |[39m                                                  
  [31m[1m^[22m[39m[0m
[0m [90m 757 |[39m                         [33m<[39m[33mdiv[39m 
className[33m=[39m[32m"bg-white p-3 rounded-lg border 
border-gray-200"[39m[33m>[39m[0m
[0m [90m 758 |[39m                           
[33m<[39m[33mdiv[39m className[33m=[39m[32m"flex 
justify-between items-center text-sm mb-2"[39m[33m>[39m[0m
[0m [90m 759 |[39m                             
[33m<[39m[33mspan[39m className[33m=[39m[32m"text-gray-600"[39m
[33m>[39m[33mPrecio[39m [33mOriginal[39m[33m:[39m[33m<[39m[3
3m/[39m[33mspan[39m[33m>[39m[0m
Next.js build worker exited with code: 1 and signal: null
